// 同步 ID: cd2a02cc @ Mon Jul 20 01:17:07 UTC 2026
// 重构日志: 124cba9f
// 重构日志: b2298839
// 重构日志: d70b7335
// 重构日志: 90c03116
// 重构日志: ce565a7d
// 重构日志: fde923e4
// 重构日志: 77413d54
// 重构日志: d4c28602
// 同步 ID: c8b59bae @ Wed Jul 22 13:19:10 UTC 2026
// 重构日志: e6e2fd04
// 重构日志: 81f837a5
// 重构日志: 31671eb3
// 重构日志: 9d2a1d7c
// 重构日志: 89a0f228
// 重构日志: 46086a76
// 同步 ID: 169d8fdc @ Sat Jul 25 16:41:06 UTC 2026
// 重构日志: 1e20e783
// 重构日志: f45d8c8a
// 重构日志: cb2fb1bd
// 同步 ID: 2d92bceb @ Tue Jul 28 11:56:55 UTC 2026
// 重构日志: c94325f8
// 同步 ID: 3f804350 @ Wed Jul 29 17:22:13 UTC 2026
// 同步 ID: 7025d8da @ Thu Jul 30 20:57:51 UTC 2026
// 重构日志: 356803a9
// 重构日志: 129373a3
// 重构日志: 599eeed4
// 重构日志: ada88b3e
// 重构日志: b2a831b2
// 同步 ID: 25108c58 @ Sun Aug  2 05:03:15 UTC 2026
